[7:49:18 AM INF] Initializing assembly publicization
[7:49:18 AM INF] Referenced assemblies: 157
[7:49:18 AM INF] Publicize: LBoL.Base, virtual members: True, compiler-generated members: False
[7:49:18 AM INF] Publicize: LBoL.ConfigData, virtual members: True, compiler-generated members: False
[7:49:18 AM INF] Publicize: LBoL.Core, virtual members: True, compiler-generated members: False
[7:49:18 AM INF] Publicize: LBoL.EntityLib, virtual members: True, compiler-generated members: False
[7:49:18 AM INF] Publicize: LBoL.Presentation, virtual members: True, compiler-generated members: False
[7:49:18 AM INF] Publicize: Untitled.ConfigDataBuilder.Base, virtual members: True, compiler-generated members: False
[7:49:18 AM INF] DoNotPublicize: LBoL.Core:LBoL.Core.Stage.get_DefaultEventPriority
[7:49:18 AM INF] DoNotPublicize: LBoL.Core:LBoL.Core.Stage.LocalizeProperty
[7:49:18 AM INF] DoNotPublicize: LBoL.Core:LBoL.Core.Stage.LocalizeListProperty
[7:49:18 AM INF] DoNotPublicize: LBoL.Core:LBoL.Core.Stage.get_Name
[7:49:18 AM INF] DoNotPublicize: LBoL.Core:LBoL.Core.Stage.Initialize
[7:49:18 AM INF] DoNotPublicize: LBoL.Core:LBoL.Core.Stage.InitExtraFlags
[7:49:18 AM INF] DoNotPublicize: LBoL.Core:LBoL.Core.Stage.InitBoss
[7:49:18 AM INF] DoNotPublicize: LBoL.Core:LBoL.Core.Stage.CreateMap
[7:49:18 AM INF] DoNotPublicize: LBoL.Core:LBoL.Core.Stage.SetBoss
[7:49:18 AM INF] DoNotPublicize: LBoL.Core:LBoL.Core.Stage.GetAdventure
[7:49:18 AM INF] DoNotPublicize: LBoL.Core:LBoL.Core.Stage.GetShopNormalCards
[7:49:18 AM INF] DoNotPublicize: LBoL.Core:LBoL.Core.Stage.GetShopToolCards
[7:49:18 AM INF] DoNotPublicize: LBoL.Core:LBoL.Core.Stage.GetShopExhibit
[7:49:18 AM INF] DoNotPublicize: LBoL.Core:LBoL.Core.Stage.GetEliteEnemyExhibit
[7:49:18 AM INF] DoNotPublicize: LBoL.Core:LBoL.Core.Stage.GetSupplyExhibit
[7:49:18 AM INF] DoNotPublicize: LBoL.Core:LBoL.Core.Stage.GetNeutralShiningExhibit
[7:49:18 AM INF] DoNotPublicize: LBoL.Core:LBoL.Core.Stage.RollExhibitInAdventure
[7:49:18 AM INF] DoNotPublicize: LBoL.Core:LBoL.Core.Stage.GetBossExhibits
[7:49:18 AM INF] DoNotPublicize: LBoL.Core:LBoL.Core.Stage.GetDrinkTeaCardReward
[7:49:18 AM INF] DoNotPublicize: LBoL.Core:LBoL.Core.Stage.GetEnemyCardReward
[7:49:18 AM INF] DoNotPublicize: LBoL.Core:LBoL.Core.Stage.GetEliteEnemyCardReward
[7:49:18 AM INF] DoNotPublicize: LBoL.Core:LBoL.Core.Stage.GetBossCardReward
[7:49:18 AM INF] DoNotPublicize: LBoL.Core:LBoL.Core.Stage.GetEnemies
[7:49:18 AM INF] DoNotPublicize: LBoL.Core:LBoL.Core.Stage.GetEliteEnemies
[7:49:18 AM INF] DoNotPublicize: LBoL.Core:LBoL.Core.Stage.GetBoss
[7:49:18 AM INF] DoNotPublicize: LBoL.Core:LBoL.Core.GameEntity.get_DebugName
[7:49:18 AM INF] DoNotPublicize: LBoL.Core:LBoL.Core.GameEntity.LocalizeProperty
[7:49:18 AM INF] DoNotPublicize: LBoL.Core:LBoL.Core.GameEntity.GetBaseDescription
[7:49:18 AM INF] DoNotPublicize: LBoL.Core:LBoL.Core.GameEntity.get_Name
[7:49:18 AM INF] DoNotPublicize: LBoL.Core:LBoL.Core.GameEntity.get_PlayerName
[7:49:18 AM INF] DoNotPublicize: LBoL.Core:LBoL.Core.GameEntity.get_Description
[7:49:18 AM INF] DoNotPublicize: LBoL.Core:LBoL.Core.GameEntity.get_DefaultEventPriority
[7:49:18 AM INF] DoNotPublicize: LBoL.Core:LBoL.Core.GameEntity.React
[7:49:18 AM INF] DoNotPublicize: LBoL.Core:LBoL.Core.GameEntity.Initialize
[7:49:18 AM INF] DoNotPublicize: LBoL.Core:LBoL.Core.GameEntity.CreateFormatWrapper
[7:49:18 AM INF] DoNotPublicize: LBoL.Core:LBoL.Core.GameEntity.add_PropertyChanged
[7:49:18 AM INF] DoNotPublicize: LBoL.Core:LBoL.Core.GameEntity.remove_PropertyChanged
[7:49:18 AM INF] DoNotPublicize: LBoL.Core:LBoL.Core.GameEntity.NotifyChanged
[7:49:18 AM INF] DoNotPublicize: LBoL.Core:LBoL.Core.Cards.Card.get_OnDrawVisual
[7:49:18 AM INF] DoNotPublicize: LBoL.Core:LBoL.Core.Cards.Card.OnDraw
[7:49:18 AM INF] DoNotPublicize: LBoL.Core:LBoL.Core.Cards.Card.get_OnDiscardVisual
[7:49:18 AM INF] DoNotPublicize: LBoL.Core:LBoL.Core.Cards.Card.OnDiscard
[7:49:18 AM INF] DoNotPublicize: LBoL.Core:LBoL.Core.Cards.Card.get_OnExileVisual
[7:49:18 AM INF] DoNotPublicize: LBoL.Core:LBoL.Core.Cards.Card.OnExile
[7:49:18 AM INF] DoNotPublicize: LBoL.Core:LBoL.Core.Cards.Card.get_OnMoveVisual
[7:49:18 AM INF] DoNotPublicize: LBoL.Core:LBoL.Core.Cards.Card.OnMove
[7:49:18 AM INF] DoNotPublicize: LBoL.Core:LBoL.Core.Cards.Card.get_OnRetainVisual
[7:49:18 AM INF] DoNotPublicize: LBoL.Core:LBoL.Core.Cards.Card.OnRetain
[7:49:18 AM INF] DoNotPublicize: LBoL.Core:LBoL.Core.Cards.Card.OnRemove
[7:49:18 AM INF] DoNotPublicize: LBoL.Core:LBoL.Core.Cards.Card.OnLeaveHand
[7:49:18 AM INF] DoNotPublicize: LBoL.Core:LBoL.Core.Cards.Card.AfterUseAction
[7:49:18 AM INF] DoNotPublicize: LBoL.Core:LBoL.Core.Cards.Card.Upgrade
[7:49:18 AM INF] DoNotPublicize: LBoL.Core:LBoL.Core.Cards.Card.OnEnterBattle
[7:49:18 AM INF] DoNotPublicize: LBoL.Core:LBoL.Core.Cards.Card.OnLeaveBattle
[7:49:18 AM INF] DoNotPublicize: LBoL.Core:LBoL.Core.Cards.Card.React
[7:49:18 AM INF] DoNotPublicize: LBoL.Core:LBoL.Core.Cards.Card.Precondition
[7:49:18 AM INF] DoNotPublicize: LBoL.Core:LBoL.Core.Cards.Card.Actions
[7:49:18 AM INF] DoNotPublicize: LBoL.Core:LBoL.Core.Cards.Card.SetGuns
[7:49:18 AM INF] DoNotPublicize: LBoL.Core:LBoL.Core.Cards.Card.get_Damage
[7:49:18 AM INF] DoNotPublicize: LBoL.Core:LBoL.Core.Cards.Card.get_AdditionalDamage
[7:49:18 AM INF] DoNotPublicize: LBoL.Core:LBoL.Core.Cards.Card.get_RawBlock
[7:49:18 AM INF] DoNotPublicize: LBoL.Core:LBoL.Core.Cards.Card.get_AdditionalBlock
[7:49:18 AM INF] DoNotPublicize: LBoL.Core:LBoL.Core.Cards.Card.get_AdditionalShield
[7:49:18 AM INF] DoNotPublicize: LBoL.Core:LBoL.Core.Cards.Card.get_AdditionalValue1
[7:49:18 AM INF] DoNotPublicize: LBoL.Core:LBoL.Core.Cards.Card.get_AdditionalValue2
[7:49:18 AM INF] DoNotPublicize: LBoL.Core:LBoL.Core.Cards.Card.get_DefaultEventPriority
[7:49:18 AM INF] DoNotPublicize: LBoL.Core:LBoL.Core.Cards.Card.LocalizeProperty
[7:49:18 AM INF] DoNotPublicize: LBoL.Core:LBoL.Core.Cards.Card.LocalizeListProperty
[7:49:18 AM INF] DoNotPublicize: LBoL.Core:LBoL.Core.Cards.Card.GetBaseDescription
[7:49:18 AM INF] DoNotPublicize: LBoL.Core:LBoL.Core.Cards.Card.GetXCostFromPooled
[7:49:18 AM INF] DoNotPublicize: LBoL.Core:LBoL.Core.Cards.Card.get_AdditionalCost
[7:49:18 AM INF] DoNotPublicize: LBoL.Core:LBoL.Core.Cards.Card.get_Triggered
[7:49:18 AM INF] DoNotPublicize: LBoL.Core:LBoL.Core.Cards.Card.get_CanUpgrade
[7:49:18 AM INF] DoNotPublicize: LBoL.Core:LBoL.Core.Cards.Card.get_IsUpgraded
[7:49:18 AM INF] DoNotPublicize: LBoL.Core:LBoL.Core.Cards.Card.get_UpgradeReplaceImage
[7:49:18 AM INF] DoNotPublicize: LBoL.Core:LBoL.Core.Cards.Card.get_CanUse
[7:49:18 AM INF] DoNotPublicize: LBoL.Core:LBoL.Core.Cards.Card.get_Description
[7:49:18 AM INF] DoNotPublicize: LBoL.Core:LBoL.Core.Cards.Card.Initialize
[7:49:18 AM INF] DoNotPublicize: LBoL.Core:LBoL.Core.Cards.Card.CreateFormatWrapper
[7:49:18 AM INF] DoNotPublicize: LBoL.Core:LBoL.Core.Cards.Card.Verify
[7:49:18 AM INF] DoNotPublicize: LBoL.Core:LBoL.Core.Cards.Card.NotifyActivating
[7:49:18 AM INF] DoNotPublicize: LBoL.Core:LBoL.Core.Cards.Card.ShouldPreventOtherCardUsage
[7:49:18 AM INF] DoNotPublicize: LBoL.Core:LBoL.Core.Cards.Card.get_PreventCardUsageMessage
[7:49:18 AM INF] DoNotPublicize: LBoL.Core:LBoL.Core.Units.UltimateSkill.LocalizeProperty
[7:49:18 AM INF] DoNotPublicize: LBoL.Core:LBoL.Core.Units.UltimateSkill.LocalizeListProperty
[7:49:18 AM INF] DoNotPublicize: LBoL.Core:LBoL.Core.Units.UltimateSkill.get_DefaultEventPriority
[7:49:18 AM INF] DoNotPublicize: LBoL.Core:LBoL.Core.Units.UltimateSkill.get_DebugName
[7:49:18 AM INF] DoNotPublicize: LBoL.Core:LBoL.Core.Units.UltimateSkill.get_Name
[7:49:18 AM INF] DoNotPublicize: LBoL.Core:LBoL.Core.Units.UltimateSkill.get_Damage
[7:49:18 AM INF] DoNotPublicize: LBoL.Core:LBoL.Core.Units.UltimateSkill.Initialize
[7:49:18 AM INF] DoNotPublicize: LBoL.Core:LBoL.Core.Units.UltimateSkill.CreateFormatWrapper
[7:49:18 AM INF] DoNotPublicize: LBoL.Core:LBoL.Core.Units.UltimateSkill.Actions
[7:49:18 AM INF] DoNotPublicize: LBoL.Core:LBoL.Core.Exhibit.LocalizeProperty
[7:49:18 AM INF] DoNotPublicize: LBoL.Core:LBoL.Core.Exhibit.LocalizeListProperty
[7:49:18 AM INF] DoNotPublicize: LBoL.Core:LBoL.Core.Exhibit.GetBaseDescription
[7:49:18 AM INF] DoNotPublicize: LBoL.Core:LBoL.Core.Exhibit.get_Description
[7:49:18 AM INF] DoNotPublicize: LBoL.Core:LBoL.Core.Exhibit.get_IconName
[7:49:18 AM INF] DoNotPublicize: LBoL.Core:LBoL.Core.Exhibit.get_OverrideIconName
[7:49:18 AM INF] DoNotPublicize: LBoL.Core:LBoL.Core.Exhibit.get_DefaultEventPriority
[7:49:18 AM INF] DoNotPublicize: LBoL.Core:LBoL.Core.Exhibit.Initialize
[7:49:18 AM INF] DoNotPublicize: LBoL.Core:LBoL.Core.Exhibit.get_ShowCounter
[7:49:18 AM INF] DoNotPublicize: LBoL.Core:LBoL.Core.Exhibit.OnAdding
[7:49:18 AM INF] DoNotPublicize: LBoL.Core:LBoL.Core.Exhibit.OnAdded
[7:49:18 AM INF] DoNotPublicize: LBoL.Core:LBoL.Core.Exhibit.OnRemoving
[7:49:18 AM INF] DoNotPublicize: LBoL.Core:LBoL.Core.Exhibit.OnRemoved
[7:49:18 AM INF] DoNotPublicize: LBoL.Core:LBoL.Core.Exhibit.SpecialGain
[7:49:18 AM INF] DoNotPublicize: LBoL.Core:LBoL.Core.Exhibit.OnGain
[7:49:18 AM INF] DoNotPublicize: LBoL.Core:LBoL.Core.Exhibit.OnLose
[7:49:18 AM INF] DoNotPublicize: LBoL.Core:LBoL.Core.Exhibit.OnEnterBattle
[7:49:18 AM INF] DoNotPublicize: LBoL.Core:LBoL.Core.Exhibit.OnLeaveBattle
[7:49:18 AM INF] DoNotPublicize: LBoL.Core:LBoL.Core.Exhibit.NotifyActivating
[7:49:18 AM INF] DoNotPublicize: LBoL.Core:LBoL.Core.Exhibit.React
[7:49:18 AM INF] DoNotPublicize: LBoL.Core:LBoL.Core.Exhibit.EnumerateDisplayWords
[7:49:18 AM INF] DoNotPublicize: LBoL.Core:LBoL.Core.Exhibit.EnumerateRelativeCards
[7:49:18 AM INF] DoNotPublicize: LBoL.Core:LBoL.Core.Units.PlayerUnit.LocalizeProperty
[7:49:18 AM INF] DoNotPublicize: LBoL.Core:LBoL.Core.Units.PlayerUnit.GetName
[7:49:18 AM INF] DoNotPublicize: LBoL.Core:LBoL.Core.Units.PlayerUnit.Initialize
[7:49:18 AM INF] DoNotPublicize: LBoL.Core:LBoL.Core.Units.PlayerUnit.get_DefaultEventPriority
[7:49:18 AM INF] DoNotPublicize: LBoL.Core:LBoL.Core.Units.PlayerUnit.SetView
[7:49:18 AM INF] DoNotPublicize: LBoL.Core:LBoL.Core.Units.Unit.Initialize
[7:49:18 AM INF] DoNotPublicize: LBoL.Core:LBoL.Core.Units.Unit.GetName
[7:49:18 AM INF] DoNotPublicize: LBoL.Core:LBoL.Core.Units.Unit.get_Name
[7:49:18 AM INF] DoNotPublicize: LBoL.Core:LBoL.Core.Units.Unit.EnterGameRun
[7:49:18 AM INF] DoNotPublicize: LBoL.Core:LBoL.Core.Units.Unit.OnEnterGameRun
[7:49:18 AM INF] DoNotPublicize: LBoL.Core:LBoL.Core.Units.Unit.OnLeaveGameRun
[7:49:18 AM INF] DoNotPublicize: LBoL.Core:LBoL.Core.Units.Unit.OnEnterBattle
[7:49:18 AM INF] DoNotPublicize: LBoL.Core:LBoL.Core.Units.Unit.OnLeaveBattle
[7:49:18 AM INF] DoNotPublicize: LBoL.Core:LBoL.Core.Units.Unit.React
[7:49:18 AM INF] DoNotPublicize: LBoL.Core:LBoL.Core.Units.Unit.Die
[7:49:18 AM INF] DoNotPublicize: LBoL.Core:LBoL.Core.Units.Unit.OnDie
[7:49:18 AM INF] DoNotPublicize: LBoL.Core:LBoL.Core.Units.Unit.SetView
[7:49:18 AM INF] DoNotPublicize: LBoL.Core:LBoL.Core.Units.Unit.GetView
[7:49:18 AM INF] DoNotPublicize: LBoL.Core:LBoL.Core.Units.EnemyUnit.LocalizeProperty
[7:49:18 AM INF] DoNotPublicize: LBoL.Core:LBoL.Core.Units.EnemyUnit.LocalizeListProperty
[7:49:18 AM INF] DoNotPublicize: LBoL.Core:LBoL.Core.Units.EnemyUnit.GetName
[7:49:18 AM INF] DoNotPublicize: LBoL.Core:LBoL.Core.Units.EnemyUnit.get_DefaultEventPriority
[7:49:18 AM INF] DoNotPublicize: LBoL.Core:LBoL.Core.Units.EnemyUnit.get_MovePriority
[7:49:18 AM INF] DoNotPublicize: LBoL.Core:LBoL.Core.Units.EnemyUnit.Initialize
[7:49:18 AM INF] DoNotPublicize: LBoL.Core:LBoL.Core.Units.EnemyUnit.EnterGameRun
[7:49:18 AM INF] DoNotPublicize: LBoL.Core:LBoL.Core.Units.EnemyUnit.OnSpawn
[7:49:18 AM INF] DoNotPublicize: LBoL.Core:LBoL.Core.Units.EnemyUnit.Die
[7:49:18 AM INF] DoNotPublicize: LBoL.Core:LBoL.Core.Units.EnemyUnit.Actions
[7:49:18 AM INF] DoNotPublicize: LBoL.Core:LBoL.Core.Units.EnemyUnit.GetTurnMoves
[7:49:18 AM INF] DoNotPublicize: LBoL.Core:LBoL.Core.Units.EnemyUnit.UpdateMoveCounters
[7:49:18 AM INF] DoNotPublicize: LBoL.Core:LBoL.Core.Units.EnemyUnit.AttackActions
[7:49:18 AM INF] DoNotPublicize: LBoL.Core:LBoL.Core.Units.EnemyUnit.GetIntentions
[7:49:18 AM INF] DoNotPublicize: LBoL.Core:LBoL.Core.Units.EnemyUnit.SetView
[7:49:18 AM INF] DoNotPublicize: LBoL.Core:LBoL.Core.StatusEffects.StatusEffect.LocalizeProperty
[7:49:18 AM INF] DoNotPublicize: LBoL.Core:LBoL.Core.StatusEffects.StatusEffect.LocalizeListProperty
[7:49:18 AM INF] DoNotPublicize: LBoL.Core:LBoL.Core.StatusEffects.StatusEffect.get_Name
[7:49:18 AM INF] DoNotPublicize: LBoL.Core:LBoL.Core.StatusEffects.StatusEffect.LBoL.Core.IDisplayWord.get_Description
[7:49:18 AM INF] DoNotPublicize: LBoL.Core:LBoL.Core.StatusEffects.StatusEffect.LBoL.Core.IDisplayWord.get_IsVerbose
[7:49:18 AM INF] DoNotPublicize: LBoL.Core:LBoL.Core.StatusEffects.StatusEffect.get_IconName
[7:49:18 AM INF] DoNotPublicize: LBoL.Core:LBoL.Core.StatusEffects.StatusEffect.get_OverrideIconName
[7:49:18 AM INF] DoNotPublicize: LBoL.Core:LBoL.Core.StatusEffects.StatusEffect.get_DefaultEventPriority
[7:49:18 AM INF] DoNotPublicize: LBoL.Core:LBoL.Core.StatusEffects.StatusEffect.get_ForceNotShowNumber
[7:49:18 AM INF] DoNotPublicize: LBoL.Core:LBoL.Core.StatusEffects.StatusEffect.Stack
[7:49:18 AM INF] DoNotPublicize: LBoL.Core:LBoL.Core.StatusEffects.StatusEffect.Initialize
[7:49:18 AM INF] DoNotPublicize: LBoL.Core:LBoL.Core.StatusEffects.StatusEffect.CreateFormatWrapper
[7:49:18 AM INF] DoNotPublicize: LBoL.Core:LBoL.Core.StatusEffects.StatusEffect.OnAdding
[7:49:18 AM INF] DoNotPublicize: LBoL.Core:LBoL.Core.StatusEffects.StatusEffect.OnAdded
[7:49:18 AM INF] DoNotPublicize: LBoL.Core:LBoL.Core.StatusEffects.StatusEffect.OnRemoving
[7:49:18 AM INF] DoNotPublicize: LBoL.Core:LBoL.Core.StatusEffects.StatusEffect.OnRemoved
[7:49:18 AM INF] DoNotPublicize: LBoL.Core:LBoL.Core.StatusEffects.StatusEffect.NotifyActivating
[7:49:18 AM INF] DoNotPublicize: LBoL.Core:LBoL.Core.StatusEffects.StatusEffect.NotifyChanged
[7:49:18 AM INF] DoNotPublicize: LBoL.Core:LBoL.Core.StatusEffects.StatusEffect.React
[7:49:18 AM INF] DoNotPublicize: LBoL.Core:LBoL.Core.StatusEffects.StatusEffect.StackAction
[7:49:18 AM INF] DoNotPublicize: LBoL.Core:LBoL.Core.StatusEffects.StatusEffect.ShouldPreventCardUsage
[7:49:18 AM INF] DoNotPublicize: LBoL.Core:LBoL.Core.StatusEffects.StatusEffect.get_PreventCardUsageMessage
[7:49:18 AM INF] DoNotPublicize: LBoL.Core:LBoL.Core.StatusEffects.StatusEffect.get_UnitEffectName
[7:49:18 AM INF] DoNotPublicize: LBoL.Core:LBoL.Core.Units.Doll.LocalizeProperty
[7:49:18 AM INF] DoNotPublicize: LBoL.Core:LBoL.Core.Units.Doll.get_DefaultEventPriority
[7:49:18 AM INF] DoNotPublicize: LBoL.Core:LBoL.Core.Units.Doll.Initialize
[7:49:18 AM INF] DoNotPublicize: LBoL.Core:LBoL.Core.Units.Doll.CreateFormatWrapper
[7:49:18 AM INF] DoNotPublicize: LBoL.Core:LBoL.Core.Units.Doll.get_UpCounter
[7:49:18 AM INF] DoNotPublicize: LBoL.Core:LBoL.Core.Units.Doll.get_UpCounterColor
[7:49:18 AM INF] DoNotPublicize: LBoL.Core:LBoL.Core.Units.Doll.get_DownCounter
[7:49:18 AM INF] DoNotPublicize: LBoL.Core:LBoL.Core.Units.Doll.get_DownCounterColor
[7:49:18 AM INF] DoNotPublicize: LBoL.Core:LBoL.Core.Units.Doll.OnAdding
[7:49:18 AM INF] DoNotPublicize: LBoL.Core:LBoL.Core.Units.Doll.OnAdded
[7:49:18 AM INF] DoNotPublicize: LBoL.Core:LBoL.Core.Units.Doll.OnRemoving
[7:49:18 AM INF] DoNotPublicize: LBoL.Core:LBoL.Core.Units.Doll.OnRemoved
[7:49:18 AM INF] DoNotPublicize: LBoL.Core:LBoL.Core.Units.Doll.PassiveActions
[7:49:18 AM INF] DoNotPublicize: LBoL.Core:LBoL.Core.Units.Doll.ActiveActions
[7:49:18 AM INF] DoNotPublicize: LBoL.Core:LBoL.Core.GapOptions.GapOption.get_Type
[7:49:18 AM INF] DoNotPublicize: LBoL.Core:LBoL.Core.GapOptions.GapOption.GetBaseDescription
[7:49:18 AM INF] DoNotPublicize: LBoL.Core:LBoL.Core.Units.Intention.get_Type
[7:49:18 AM INF] DoNotPublicize: LBoL.Core:LBoL.Core.Units.Intention.LocalizeProperty
[7:49:18 AM INF] DoNotPublicize: LBoL.Core:LBoL.Core.Units.Intention.get_DefaultEventPriority
[7:49:18 AM INF] DoNotPublicize: LBoL.Core:LBoL.Core.Units.Intention.CreateFormatWrapper
[7:49:18 AM INF] DoNotPublicize: LBoL.Core:LBoL.Core.Units.Intention.get_PlayerName
[7:49:18 AM INF] DoNotPublicize: LBoL.Core:LBoL.Core.Adventures.Adventure.Initialize
[7:49:18 AM INF] DoNotPublicize: LBoL.Core:LBoL.Core.Adventures.Adventure.get_DialogName
[7:49:18 AM INF] DoNotPublicize: LBoL.Core:LBoL.Core.Adventures.Adventure.InitVariables
[7:49:18 AM INF] DoNotPublicize: LBoL.Core:LBoL.Core.JadeBox.LocalizeProperty
[7:49:18 AM INF] DoNotPublicize: LBoL.Core:LBoL.Core.JadeBox.LocalizeListProperty
[7:49:18 AM INF] DoNotPublicize: LBoL.Core:LBoL.Core.JadeBox.get_Description
[7:49:18 AM INF] DoNotPublicize: LBoL.Core:LBoL.Core.JadeBox.get_IconName
[7:49:18 AM INF] DoNotPublicize: LBoL.Core:LBoL.Core.JadeBox.get_DefaultEventPriority
[7:49:18 AM INF] DoNotPublicize: LBoL.Core:LBoL.Core.JadeBox.Initialize
[7:49:18 AM INF] DoNotPublicize: LBoL.Core:LBoL.Core.JadeBox.OnGain
[7:49:18 AM INF] DoNotPublicize: LBoL.Core:LBoL.Core.JadeBox.OnAdded
[7:49:18 AM INF] DoNotPublicize: LBoL.Core:LBoL.Core.JadeBox.OnEnterBattle
[7:49:18 AM INF] DoNotPublicize: LBoL.Core:LBoL.Core.JadeBox.OnLeaveBattle
[7:49:18 AM INF] DoNotPublicize: LBoL.Core:LBoL.Core.JadeBox.React
[7:49:18 AM INF] DoNotPublicize: LBoL.Core:LBoL.Core.JadeBox.EnumerateDisplayWords
[7:49:18 AM INF] DoNotPublicize: LBoL.Core:LBoL.Core.JadeBox.EnumerateRelativeCards
[7:49:18 AM INF] [LBoL.Base] Assembly processing starting...
[7:49:18 AM INF] [LBoL.Base] Path: /Users/e/Library/Application Support/Steam/steamapps/common/LBoL/LBoL.app/Contents/Resources/Data/Managed/LBoL.Base.dll
[7:49:18 AM INF] [LBoL.Base] Publicization hash: 459CB5E60982D61C92AF101550E905F1
[7:49:18 AM INF] [LBoL.Base] Assembly already publicized at obj/Debug/netstandard2.1/PublicizedAssemblies/LBoL.Base.459CB5E60982D61C92AF101550E905F1/LBoL.Base.dll
[7:49:18 AM INF] [LBoL.Base] Assembly processing finished
[7:49:18 AM INF] [LBoL.ConfigData] Assembly processing starting...
[7:49:18 AM INF] [LBoL.ConfigData] Path: /Users/e/Library/Application Support/Steam/steamapps/common/LBoL/LBoL.app/Contents/Resources/Data/Managed/LBoL.ConfigData.dll
[7:49:18 AM INF] [LBoL.ConfigData] Publicization hash: 496387F671921FA7E5F663E664E6DC13
[7:49:18 AM INF] [LBoL.ConfigData] Assembly already publicized at obj/Debug/netstandard2.1/PublicizedAssemblies/LBoL.ConfigData.496387F671921FA7E5F663E664E6DC13/LBoL.ConfigData.dll
[7:49:18 AM INF] [LBoL.ConfigData] Assembly processing finished
[7:49:18 AM INF] [LBoL.Core] Assembly processing starting...
[7:49:18 AM INF] [LBoL.Core] Path: /Users/e/Library/Application Support/Steam/steamapps/common/LBoL/LBoL.app/Contents/Resources/Data/Managed/LBoL.Core.dll
[7:49:18 AM INF] [LBoL.Core] Publicization hash: 923535B3844AC38B63C7875DDE6A9C1D
[7:49:18 AM INF] [LBoL.Core] Assembly already publicized at obj/Debug/netstandard2.1/PublicizedAssemblies/LBoL.Core.923535B3844AC38B63C7875DDE6A9C1D/LBoL.Core.dll
[7:49:18 AM INF] [LBoL.Core] Assembly processing finished
[7:49:18 AM INF] [LBoL.EntityLib] Assembly processing starting...
[7:49:18 AM INF] [LBoL.EntityLib] Path: /Users/e/Library/Application Support/Steam/steamapps/common/LBoL/LBoL.app/Contents/Resources/Data/Managed/LBoL.EntityLib.dll
[7:49:18 AM INF] [LBoL.EntityLib] Publicization hash: DCE356869E62B8F88AC4F2EB6028B4F3
[7:49:18 AM INF] [LBoL.EntityLib] Assembly already publicized at obj/Debug/netstandard2.1/PublicizedAssemblies/LBoL.EntityLib.DCE356869E62B8F88AC4F2EB6028B4F3/LBoL.EntityLib.dll
[7:49:18 AM INF] [LBoL.EntityLib] Assembly processing finished
[7:49:18 AM INF] [LBoL.Presentation] Assembly processing starting...
[7:49:18 AM INF] [LBoL.Presentation] Path: /Users/e/Library/Application Support/Steam/steamapps/common/LBoL/LBoL.app/Contents/Resources/Data/Managed/LBoL.Presentation.dll
[7:49:18 AM INF] [LBoL.Presentation] Publicization hash: 2D044077466522A7A9829DC3FAA88847
[7:49:18 AM INF] [LBoL.Presentation] Assembly already publicized at obj/Debug/netstandard2.1/PublicizedAssemblies/LBoL.Presentation.2D044077466522A7A9829DC3FAA88847/LBoL.Presentation.dll
[7:49:18 AM INF] [LBoL.Presentation] Assembly processing finished
[7:49:18 AM INF] [Untitled.ConfigDataBuilder.Base] Assembly processing starting...
[7:49:18 AM INF] [Untitled.ConfigDataBuilder.Base] Path: /Users/e/Library/Application Support/Steam/steamapps/common/LBoL/LBoL.app/Contents/Resources/Data/Managed/Untitled.ConfigDataBuilder.Base.dll
[7:49:18 AM INF] [Untitled.ConfigDataBuilder.Base] Publicization hash: DEBF4DC9EFAB8789C0235B7D0DDF4739
[7:49:18 AM INF] [Untitled.ConfigDataBuilder.Base] Assembly already publicized at obj/Debug/netstandard2.1/PublicizedAssemblies/Untitled.ConfigDataBuilder.Base.DEBF4DC9EFAB8789C0235B7D0DDF4739/Untitled.ConfigDataBuilder.Base.dll
[7:49:18 AM INF] [Untitled.ConfigDataBuilder.Base] Assembly processing finished
[7:49:18 AM INF] Finished processing 6 assemblies. Terminating task.
